EN reloj NULL "C:/Users/Byron Montenegro/Documents/02.Proyectos_VHDL/Multiplexor/reloj.vhd" sub00/vhpl04 1679629963
EN multiplexor NULL "C:/Users/Byron Montenegro/Documents/02.Proyectos_VHDL/Multiplexor/multiplexor.vhd" sub00/vhpl00 1679629961
AR multiplexor behavioral "C:/Users/Byron Montenegro/Documents/02.Proyectos_VHDL/Multiplexor/multiplexor.vhd" sub00/vhpl01 1679629962
EN top NULL "C:/Users/Byron Montenegro/Documents/02.Proyectos_VHDL/Multiplexor/top.vhd" sub00/vhpl02 1679629965
AR reloj behavioral "C:/Users/Byron Montenegro/Documents/02.Proyectos_VHDL/Multiplexor/reloj.vhd" sub00/vhpl05 1679629964
AR top behavioral "C:/Users/Byron Montenegro/Documents/02.Proyectos_VHDL/Multiplexor/top.vhd" sub00/vhpl03 1679629966
