Release 14.7 - xst P.20131013 (nt64)
Copyright (c) 1995-2013 Xilinx, Inc.  All rights reserved.
--> Parameter TMPDIR set to xst/projnav.tmp


Total REAL time to Xst completion: 0.00 secs
Total CPU time to Xst completion: 0.17 secs
 
--> Parameter xsthdpdir set to xst


Total REAL time to Xst completion: 0.00 secs
Total CPU time to Xst completion: 0.17 secs
 
--> Reading design: ordenar.prj

TABLE OF CONTENTS
  1) Synthesis Options Summary
  2) HDL Compilation
  3) Design Hierarchy Analysis
  4) HDL Analysis
  5) HDL Synthesis
     5.1) HDL Synthesis Report
  6) Advanced HDL Synthesis
     6.1) Advanced HDL Synthesis Report
  7) Low Level Synthesis
  8) Partition Report
  9) Final Report
	9.1) Device utilization summary
	9.2) Partition Resource Summary
	9.3) TIMING REPORT


=========================================================================
*                      Synthesis Options Summary                        *
=========================================================================
---- Source Parameters
Input File Name                    : "ordenar.prj"
Input Format                       : mixed
Ignore Synthesis Constraint File   : NO

---- Target Parameters
Output File Name                   : "ordenar"
Output Format                      : NGC
Target Device                      : xc3s50a-5-tq144

---- Source Options
Top Module Name                    : ordenar
Automatic FSM Extraction           : YES
FSM Encoding Algorithm             : Auto
Safe Implementation                : No
FSM Style                          : LUT
RAM Extraction                     : Yes
RAM Style                          : Auto
ROM Extraction                     : Yes
Mux Style                          : Auto
Decoder Extraction                 : YES
Priority Encoder Extraction        : Yes
Shift Register Extraction          : YES
Logical Shifter Extraction         : YES
XOR Collapsing                     : YES
ROM Style                          : Auto
Mux Extraction                     : Yes
Resource Sharing                   : YES
Asynchronous To Synchronous        : NO
Multiplier Style                   : Auto
Automatic Register Balancing       : No

---- Target Options
Add IO Buffers                     : YES
Global Maximum Fanout              : 500
Add Generic Clock Buffer(BUFG)     : 24
Register Duplication               : YES
Slice Packing                      : YES
Optimize Instantiated Primitives   : NO
Use Clock Enable                   : Yes
Use Synchronous Set                : Yes
Use Synchronous Reset              : Yes
Pack IO Registers into IOBs        : Auto
Equivalent register Removal        : YES

---- General Options
Optimization Goal                  : Speed
Optimization Effort                : 1
Keep Hierarchy                     : No
Netlist Hierarchy                  : As_Optimized
RTL Output                         : Yes
Global Optimization                : AllClockNets
Read Cores                         : YES
Write Timing Constraints           : NO
Cross Clock Analysis               : NO
Hierarchy Separator                : /
Bus Delimiter                      : <>
Case Specifier                     : Maintain
Slice Utilization Ratio            : 100
BRAM Utilization Ratio             : 100
Verilog 2001                       : YES
Auto BRAM Packing                  : NO
Slice Utilization Ratio Delta      : 5

=========================================================================


=========================================================================
*                          HDL Compilation                              *
=========================================================================
Compiling vhdl file "C:/Users/Byron Montenegro/Documents/02.Proyectos_VHDL/ordenar_datos/ordenar.vhd" in Library work.
Entity <ordenar> compiled.
Entity <ordenar> (Architecture <Behavioral>) compiled.

=========================================================================
*                     Design Hierarchy Analysis                         *
=========================================================================
Analyzing hierarchy for entity <ordenar> in library <work> (architecture <Behavioral>).


=========================================================================
*                            HDL Analysis                               *
=========================================================================
Analyzing Entity <ordenar> in library <work> (Architecture <Behavioral>).
Entity <ordenar> analyzed. Unit <ordenar> generated.


=========================================================================
*                           HDL Synthesis                               *
=========================================================================

Performing bidirectional port resolution...

Synthesizing Unit <ordenar>.
    Related source file is "C:/Users/Byron Montenegro/Documents/02.Proyectos_VHDL/ordenar_datos/ordenar.vhd".
WARNING:Xst:646 - Signal <mayor> is assigned but never used. This unconnected signal will be trimmed during the optimization process.
    Found 24-bit up counter for signal <cambio>.
    Found 4-bit up counter for signal <ciclo>.
    Found 9-bit register for signal <dato>.
    Found 9-bit comparator greatequal for signal <dato$cmp_ge0000> created at line 51.
    Found 9-bit comparator greatequal for signal <dato$cmp_ge0001> created at line 59.
    Found 9-bit comparator greatequal for signal <dato$cmp_ge0002> created at line 67.
    Found 9-bit comparator greatequal for signal <dato$cmp_ge0003> created at line 75.
    Found 9-bit comparator greatequal for signal <dato$cmp_ge0004> created at line 83.
    Found 9-bit comparator greatequal for signal <dato$cmp_ge0005> created at line 91.
    Found 9-bit comparator greatequal for signal <dato$cmp_ge0006> created at line 99.
    Found 9-bit comparator greatequal for signal <dato$cmp_ge0007> created at line 107.
    Found 9-bit comparator less for signal <dato$cmp_lt0000> created at line 107.
    Found 9-bit comparator less for signal <dato$cmp_lt0001> created at line 99.
    Found 9-bit comparator less for signal <dato$cmp_lt0002> created at line 91.
    Found 9-bit comparator less for signal <dato$cmp_lt0003> created at line 83.
    Found 9-bit comparator less for signal <dato$cmp_lt0004> created at line 75.
    Found 9-bit comparator less for signal <dato$cmp_lt0005> created at line 67.
    Found 9-bit comparator less for signal <dato$cmp_lt0006> created at line 59.
    Found 9-bit register for signal <lect1>.
    Found 9-bit comparator less for signal <lect1$cmp_lt0000> created at line 51.
    Found 9-bit 12-to-1 multiplexer for signal <lect1$mux0000> created at line 40.
    Found 9-bit register for signal <lect2>.
    Found 9-bit 12-to-1 multiplexer for signal <lect2$mux0000> created at line 40.
    Found 9-bit register for signal <lect3>.
    Found 9-bit 12-to-1 multiplexer for signal <lect3$mux0000> created at line 40.
    Found 9-bit register for signal <lect4>.
    Found 9-bit 12-to-1 multiplexer for signal <lect4$mux0000> created at line 40.
    Found 9-bit register for signal <lect5>.
    Found 9-bit 12-to-1 multiplexer for signal <lect5$mux0000> created at line 40.
    Found 9-bit register for signal <lect6>.
    Found 9-bit 12-to-1 multiplexer for signal <lect6$mux0000> created at line 40.
    Found 9-bit register for signal <lect7>.
    Found 9-bit 12-to-1 multiplexer for signal <lect7$mux0000> created at line 40.
    Found 9-bit register for signal <lect8>.
    Found 9-bit 12-to-1 multiplexer for signal <lect8$mux0000> created at line 40.
    Found 9-bit register for signal <lect9>.
    Found 9-bit 12-to-1 multiplexer for signal <lect9$mux0000> created at line 40.
    Summary:
	inferred   2 Counter(s).
	inferred  90 D-type flip-flop(s).
	inferred  16 Comparator(s).
	inferred  81 Multiplexer(s).
Unit <ordenar> synthesized.


=========================================================================
HDL Synthesis Report

Macro Statistics
# Counters                                             : 2
 24-bit up counter                                     : 1
 4-bit up counter                                      : 1
# Registers                                            : 10
 9-bit register                                        : 10
# Comparators                                          : 16
 9-bit comparator greatequal                           : 8
 9-bit comparator less                                 : 8
# Multiplexers                                         : 9
 9-bit 12-to-1 multiplexer                             : 9

=========================================================================

=========================================================================
*                       Advanced HDL Synthesis                          *
=========================================================================


=========================================================================
Advanced HDL Synthesis Report

Found no macro
=========================================================================

=========================================================================
*                         Low Level Synthesis                           *
=========================================================================

Optimizing unit <ordenar> ...

Mapping all equations...
Building and optimizing final netlist ...
Found area constraint ratio of 100 (+ 5) on block ordenar, actual ratio is 0.

Final Macro Processing ...

=========================================================================
Final Register Report

Found no macro
=========================================================================

=========================================================================
*                           Partition Report                            *
=========================================================================

Partition Implementation Status
-------------------------------

  No Partitions were found in this design.

-------------------------------

=========================================================================
*                            Final Report                               *
=========================================================================
Final Results
RTL Top Level Output File Name     : ordenar.ngr
Top Level Output File Name         : ordenar
Output Format                      : NGC
Optimization Goal                  : Speed
Keep Hierarchy                     : No

Design Statistics
# IOs                              : 1

Cell Usage :
=========================================================================

Device utilization summary:
---------------------------

Selected Device : 3s50atq144-5 

 Number of Slices:                        0  out of    704     0%  
 Number of IOs:                           1
 Number of bonded IOBs:                   0  out of    108     0%  

---------------------------
Partition Resource Summary:
---------------------------

  No Partitions were found in this design.

---------------------------


=========================================================================
TIMING REPORT

NOTE: THESE TIMING NUMBERS ARE ONLY A SYNTHESIS ESTIMATE.
      FOR ACCURATE TIMING INFORMATION PLEASE REFER TO THE TRACE REPORT
      GENERATED AFTER PLACE-and-ROUTE.

Clock Information:
------------------
No clock signals found in this design

Asynchronous Control Signals Information:
----------------------------------------
No asynchronous control signals found in this design

Timing Summary:
---------------
Speed Grade: -5

   Minimum period: No path found
   Minimum input arrival time before clock: No path found
   Maximum output required time after clock: No path found
   Maximum combinational path delay: No path found

Timing Detail:
--------------
All values displayed in nanoseconds (ns)

=========================================================================


Total REAL time to Xst completion: 9.00 secs
Total CPU time to Xst completion: 9.24 secs
 
--> 

Total memory usage is 252040 kilobytes

Number of errors   :    0 (   0 filtered)
Number of warnings :    1 (   0 filtered)
Number of infos    :    0 (   0 filtered)

