EN top NULL "C:/Users/Byron Montenegro/Documents/02.Proyectos_VHDL/contadortriple/Top.vhd" sub00/vhpl02 1677627595
EN contador NULL "C:/Users/Byron Montenegro/Documents/02.Proyectos_VHDL/contadortriple/contador.vhd" sub00/vhpl00 1677627593
AR top behavioral "C:/Users/Byron Montenegro/Documents/02.Proyectos_VHDL/contadortriple/Top.vhd" sub00/vhpl03 1677627596
AR contador behavioral "C:/Users/Byron Montenegro/Documents/02.Proyectos_VHDL/contadortriple/contador.vhd" sub00/vhpl01 1677627594
