EN top NULL "C:/Users/Byron Montenegro/Documents/02.Proyectos_VHDL/01.VHDL/GPIO_IN/top.vhd" sub00/vhpl02 1708839750
EN entradas NULL "C:/Users/Byron Montenegro/Documents/02.Proyectos_VHDL/01.VHDL/GPIO_IN/entradas.vhd" sub00/vhpl00 1708839748
AR entradas behavioral "C:/Users/Byron Montenegro/Documents/02.Proyectos_VHDL/01.VHDL/GPIO_IN/entradas.vhd" sub00/vhpl01 1708839749
AR top behavioral "C:/Users/Byron Montenegro/Documents/02.Proyectos_VHDL/01.VHDL/GPIO_IN/top.vhd" sub00/vhpl03 1708839751
