EN contador09 NULL "C:/Users/Byron Montenegro/Documents/02.Proyectos_VHDL/contador/contador09.vhd" sub00/vhpl00 1677455517
AR contador09 behavioral "C:/Users/Byron Montenegro/Documents/02.Proyectos_VHDL/contador/contador09.vhd" sub00/vhpl01 1677455518
EN top NULL "C:/Users/Byron Montenegro/Documents/02.Proyectos_VHDL/contador/Top.vhd" sub00/vhpl04 1677455521
AR dpsws behavioral "C:/Users/Byron Montenegro/Documents/02.Proyectos_VHDL/contador/DPSWS.vhd" sub00/vhpl03 1677455520
AR top behavioral "C:/Users/Byron Montenegro/Documents/02.Proyectos_VHDL/contador/Top.vhd" sub00/vhpl05 1677455522
EN dpsws NULL "C:/Users/Byron Montenegro/Documents/02.Proyectos_VHDL/contador/DPSWS.vhd" sub00/vhpl02 1677455519
