EN led NULL "C:/Users/Byron Montenegro/Documents/02.Proyectos_VHDL/Instanciacion/led.vhd" sub00/vhpl02 1683594490
EN top NULL "C:/Users/Byron Montenegro/Documents/02.Proyectos_VHDL/Instanciacion/top.vhd" sub00/vhpl04 1679635085
AR switch behavioral "C:/Users/Byron Montenegro/Documents/02.Proyectos_VHDL/Instanciacion/switch.vhd" sub00/vhpl01 1683594489
EN switch NULL "C:/Users/Byron Montenegro/Documents/02.Proyectos_VHDL/Instanciacion/switch.vhd" sub00/vhpl00 1683594726
AR led behavioral "C:/Users/Byron Montenegro/Documents/02.Proyectos_VHDL/Instanciacion/led.vhd" sub00/vhpl03 1683594491
AR top behavioral "C:/Users/Byron Montenegro/Documents/02.Proyectos_VHDL/Instanciacion/top.vhd" sub00/vhpl05 1683594492
