EN servo NULL "C:/Users/Byron Montenegro/Documents/02.Proyectos_VHDL/PWM/servo.vhd" sub00/vhpl00 1680148033
EN top NULL "C:/Users/Byron Montenegro/Documents/02.Proyectos_VHDL/PWM/top.vhd" sub00/vhpl02 1680148035
AR servo behavioral "C:/Users/Byron Montenegro/Documents/02.Proyectos_VHDL/PWM/servo.vhd" sub00/vhpl01 1680148034
AR top behavioral "C:/Users/Byron Montenegro/Documents/02.Proyectos_VHDL/PWM/top.vhd" sub00/vhpl03 1680148036
