EN top NULL "C:/Users/Byron Montenegro/Documents/02.Proyectos_VHDL/ordenar_datos/top.vhd" sub00/vhpl02 1681098644
AR ordenar behavioral "C:/Users/Byron Montenegro/Documents/02.Proyectos_VHDL/ordenar_datos/ordenar.vhd" sub00/vhpl01 1681098643
EN ordenar NULL "C:/Users/Byron Montenegro/Documents/02.Proyectos_VHDL/ordenar_datos/ordenar.vhd" sub00/vhpl00 1681098642
AR top behavioral "C:/Users/Byron Montenegro/Documents/02.Proyectos_VHDL/ordenar_datos/top.vhd" sub00/vhpl03 1681098645
